  ⚓ imgferry ─ ✓ 来源 ─ ✓ 选择 ─ ✓ 目标 ─ ▍预检 ─ ○ 迁移 ─ ○ 结果                                
  ────────────────────────────────────────────────────────────────────────────────────────────────
                                                                                                  
  ▍ 本次迁移计划                                                                                  
                                                                                                  
      扫描文件    3 个（./posts）                                                                 
      图片引用    6 处 → 去重后 5 个地址                                                          
      映射复用    0 个（已在映射表中，不会重复上传）                                              
      本次上传    5 个（消耗站点配额 5 次）                                                       
      将要修改    3 个文件 · 替换 6 处链接 · 生成 3 个 .bak                                       
                                                                                                  
  ▍ 将要修改的文件（前 3 个）                                                                     
                                                                                                  
      ./posts/hello.md                              3 处                                          
      ./posts/world.md                              2 处                                          
      ./README.md                                   1 处                                          
                                                                                                  
    enter 开始迁移 · d 只导出计划 · e 修改来源 · t 修改目标 · esc 返回                            
                                                                                                  
                                                                                                  
                                                                                                  
                                                                                                  
                                                                                                  
                                                                                                  
                                                                                                  
                                                                                                  
                                                                                                  
                                                                                                  
  目标 https://v2.picui.cn · 并发 2 · 间隔 1s · 备份 开                                           
  enter 开始迁移 · d 只导出计划 · e 修改来源 · t 修改目标 · ? 帮助                                