  ⚓ imgferry ─ ✓ 来源 ─ ▍选择 ─ ○ 目标 ─ ○ 预检 ─ ○ 迁移 ─ ○ 结果                                
  ────────────────────────────────────────────────────────────────────────────────────────────────
  ┌ 图片清单 ─ 域名分组 ─────────────────────────────────────────────────────────────────────────┐
  │ ▸ ▾ ▣ bu.dusays.com                                                                     3 张 │
  │     ▣ 2026/08/29/6a9299c0be2ef.webp                                                     1 处 │
  │     ▣ 2026/08/29/6a9294a206293.webp                                                     1 处 │
  │     ▣ 2026/08/29/6a9294a206294.webp                                                     1 处 │
  │   ▾ ▣ free.picui.cn                                                                     1 张 │
  │     ▣ free/20261003/74a6fc3dba4e8f471c5432a6e2e94874.webp                               1 处 │
  │   ▾ ▣ img.example.com                                                                   1 张 │
  │     ▣ shot.png                                                                          2 处 │
  └──────────────────────────────────────────────────────────────────────────────────────────────┘
  ┌ 详情 ────────────────────────────────────────────────────────────────────────────────────────┐
  │ ▣ bu.dusays.com                                                                         3 张 │
  │ 已选 3 张 · 涉及 2 个文件 · space 整组选择                                                   │
  │ 成员 6a9299c0be2ef.webp · 6a9294a206293.webp · 6a9294a206294.webp                            │
  └──────────────────────────────────────────────────────────────────────────────────────────────┘
                                                                                                  
                                                                                                  
                                                                                                  
                                                                                                  
                                                                                                  
                                                                                                  
                                                                                                  
                                                                                                  
                                                                                                  
                                                                                                  
                                                                                                  
  已选 5/5 张 · 3 个域名 · 3 个文件 · 0 张已有映射（跳过上传）                                    
  space 选择 · a 全选 · / 过滤 · v 分组 · enter 下一步 · ? 帮助                                   