  ⚓ imgferry ─ ▍来源 ─ ○ 选择 ─ ○ 目标 ─ ○ 预检 ─ ○ 迁移 ─ ○ 结果                                
  ────────────────────────────────────────────────────────────────────────────────────────────────
                                                                                                  
  ▍ 扫描范围                                                                                      
                                                                                                  
    ▍ 路径        ./posts                                                                         
      文件类型    ‹ Markdown 与常见文本（50 种扩展名） ›                                          
      后缀过滤    .webp, .png                                                                     
                                                                                                  
                                                                                                  
                                                                                                  
                                                                                                  
                                                                                                  
                                                                                                  
                                                                                                  
                                                                                                  
                                                                                                  
                                                                                                  
                                                                                                  
                                                                                                  
                                                                                                  
                                                                                                  
                                                                                                  
                                                                                                  
                                                                                                  
  ────────────────────────────────────────────────────────────────────────────────────────────────
    路径        目录或单个文件；回车开始扫描                                                      
                                                                                                  
  填好扫描范围后回车开始扫描                                                                      
  tab 切换字段 · enter 开始扫描 · q 退出 · ? 帮助                                                 