  ⚓ imgferry ─ ○ 来源 ─ ○ 选择 ─ ○ 目标 ─ ○ 预检 ─ ○ 迁移 ─ ○ 结果                               
  ────────────────────────────────────────────────────────────────────────────────────────────────
                                                                                                  
  ██╗██╗ ███╗   ███╗  ██████╗  ███████╗ ███████╗ ██████╗  ██████╗  ██╗   ██╗                      
  ██║██║ ████╗ ████║ ██╔════╝  ██╔════╝ ██╔════╝ ██╔══██╗ ██╔══██╗ ╚██╗ ██╔╝                      
  ██║██║ ██╔████╔██║ ██║  ███╗ █████╗   █████╗   ██████╔╝ ██████╔╝  ╚████╔╝                       
  ██║██║ ██║╚██╔╝██║ ██║   ██║ ██╔══╝   ██╔══╝   ██╔══██╗ ██╔══██╗   ╚██╔╝                        
  ██║██║ ██║ ╚═╝ ██║ ╚██████╔╝ ██║      ███████╗ ██║  ██║ ██║  ██║    ██║                         
  ╚═╝╚═╝ ╚═╝     ╚═╝  ╚═════╝  ╚═╝      ╚══════╝ ╚═╝  ╚═╝ ╚═╝  ╚═╝    ╚═╝                         
                                                                                                  
        图床图片批量迁移：扫描 → 下载 → 上传 → 替换链接                                           
                                                                                                  
  ────────────────────────────────────────────────────────────────────────────────────────────────
                                                                                                  
  ▸ 新建迁移                                                                                 enter
    清空映射表                                                                                   x
                                                                                                  
  ────────────────────────────────────────────────────────────────────────────────────────────────
                                                                                                  
    ⚠ 当前目录不是 git 仓库 · 替换前无法用 git diff 复核（已默认开启 .bak 备份）                  
                                                                                                  
                                                                                                  
                                                                                                  
                                                                                                  
                                                                                                  
                                                                                                  
                                                                                                  
                                                                                                  
  还没有迁移记录，从「新建迁移」开始                                                              
  enter 开始 · ↑↓ 选择 · q 退出 · ? 帮助                                                          