  ⚓ imgferry ─ ✓ 来源 ─ ✓ 选择 ─ ▍目标 ─ ○ 预检 ─ ○ 迁移 ─ ○ 结果                                
  ────────────────────────────────────────────────────────────────────────────────────────────────
  ▍ 连接                                                                                          
    ▍ 图床        ‹ 兰空 Lsky Pro ›                                                               
      站点地址    https://v2.picui.cn                                                             
      凭据        (•) Token  ( ) 邮箱 + 密码                                                      
      Token       •••••••••••••••••••••                                                           
      测试连接    按 tab 移到这里后回车                                                           
                                                                                                  
  ▍ 上传                                                                                          
      存储策略    如 8                                                                            
      并发        2                                                                               
      间隔        1s                                                                              
                                                                                                  
  ▍ 文件                                                                                          
      备份原文件  ▣ 开启（生成同名 *.bak）                                                        
      映射表      migrate-map.json                                                                
      清空映射表  ▫ 关闭                                                                          
      高级选项    ▫ 展开（相册 · 下载请求头 · 映射表路径）                                        
                                                                                                  
                                                                                                  
                                                                                                  
                                                                                                  
                                                                                                  
                                                                                                  
  ────────────────────────────────────────────────────────────────────────────────────────────────
    图床        目前支持兰空 Lsky Pro（GitHub / R2 在计划中）                                     
                                                                                                  
  填好站点地址与凭据后回车下一步；t 可测试连接                                                    
  tab 切换字段 · t 测试连接 · enter 下一步 · esc 返回 · ? 帮助                                    